[      43ms] [INFO] %cDownload the React DevTools for a better development experience: https://reactjs.org/link/react-devtools font-weight:bold @ http://localhost:5174/node_modules/.vite/deps/chunk-XPR23Y44.js?v=826d9d27:21548
[      66ms] [WARNING] ⚠️ React Router Future Flag Warning: React Router will begin wrapping state updates in `React.startTransition` in v7. You can use the `v7_startTransition` future flag to opt-in early. For more information, see https://reactrouter.com/v6/upgrading/future#v7_starttransition. @ http://localhost:5174/node_modules/.vite/deps/react-router-dom.js?v=26bb47dd:4414
[      66ms] [WARNING] ⚠️ React Router Future Flag Warning: Relative route resolution within Splat routes is changing in v7. You can use the `v7_relativeSplatPath` future flag to opt-in early. For more information, see https://reactrouter.com/v6/upgrading/future#v7_relativesplatpath. @ http://localhost:5174/node_modules/.vite/deps/react-router-dom.js?v=26bb47dd:4414
[   26147ms] [ERROR] Warning: <%s /> is using incorrect casing. Use PascalCase for React components, or lowercase for HTML elements.%s /src/assets/Logo/baven_logo_white.png 
    at /src/assets/Logo/baven_logo_white.png
    at div
    at header
    at Header (http://localhost:5174/src/components/Header.jsx?t=1790007375462:29:26)
    at div
    at App (http://localhost:5174/src/App.jsx?t=1790007339607:28:24)
    at CartProvider (http://localhost:5174/src/context/CartContext.jsx:32:32)
    at Router (http://localhost:5174/node_modules/.vite/deps/react-router-dom.js?v=26bb47dd:4523:15)
    at BrowserRouter (http://localhost:5174/node_modules/.vite/deps/react-router-dom.js?v=26bb47dd:5261:5) @ http://localhost:5174/node_modules/.vite/deps/chunk-XPR23Y44.js?v=826d9d27:518
[   26150ms] [ERROR] Warning: <%s /> is using incorrect casing. Use PascalCase for React components, or lowercase for HTML elements.%s /src/assets/Logo/baven_logo_white.png 
    at /src/assets/Logo/baven_logo_white.png
    at div
    at header
    at Header (http://localhost:5174/src/components/Header.jsx?t=1790007375462:29:26)
    at div
    at App (http://localhost:5174/src/App.jsx?t=1790007339607:28:24)
    at CartProvider (http://localhost:5174/src/context/CartContext.jsx:32:32)
    at Router (http://localhost:5174/node_modules/.vite/deps/react-router-dom.js?v=26bb47dd:4523:15)
    at BrowserRouter (http://localhost:5174/node_modules/.vite/deps/react-router-dom.js?v=26bb47dd:5261:5) @ http://localhost:5174/node_modules/.vite/deps/chunk-XPR23Y44.js?v=826d9d27:518
[   26152ms] [ERROR] The above error occurred in the </src/assets/Logo/baven_logo_white.png> component:

    at /src/assets/Logo/baven_logo_white.png
    at div
    at header
    at Header (http://localhost:5174/src/components/Header.jsx?t=1790007375462:29:26)
    at div
    at App (http://localhost:5174/src/App.jsx?t=1790007339607:28:24)
    at CartProvider (http://localhost:5174/src/context/CartContext.jsx:32:32)
    at Router (http://localhost:5174/node_modules/.vite/deps/react-router-dom.js?v=26bb47dd:4523:15)
    at BrowserRouter (http://localhost:5174/node_modules/.vite/deps/react-router-dom.js?v=26bb47dd:5261:5)

Consider adding an error boundary to your tree to customize error handling behavior.
Visit https://reactjs.org/link/error-boundaries to learn more about error boundaries. @ http://localhost:5174/node_modules/.vite/deps/chunk-XPR23Y44.js?v=826d9d27:14029
[   26154ms] InvalidCharacterError: Failed to execute 'createElement' on 'Document': The tag name provided ('/src/assets/Logo/baven_logo_white.png') is not a valid name.
    at createElement (http://localhost:5174/node_modules/.vite/deps/chunk-XPR23Y44.js?v=826d9d27:7504:42)
    at createInstance (http://localhost:5174/node_modules/.vite/deps/chunk-XPR23Y44.js?v=826d9d27:8334:28)
    at completeWork (http://localhost:5174/node_modules/.vite/deps/chunk-XPR23Y44.js?v=826d9d27:16288:34)
    at completeUnitOfWork (http://localhost:5174/node_modules/.vite/deps/chunk-XPR23Y44.js?v=826d9d27:19222:24)
    at performUnitOfWork (http://localhost:5174/node_modules/.vite/deps/chunk-XPR23Y44.js?v=826d9d27:19204:13)
    at workLoopSync (http://localhost:5174/node_modules/.vite/deps/chunk-XPR23Y44.js?v=826d9d27:19135:13)
    at renderRootSync (http://localhost:5174/node_modules/.vite/deps/chunk-XPR23Y44.js?v=826d9d27:19114:15)
    at recoverFromConcurrentError (http://localhost:5174/node_modules/.vite/deps/chunk-XPR23Y44.js?v=826d9d27:18734:28)
    at performSyncWorkOnRoot (http://localhost:5174/node_modules/.vite/deps/chunk-XPR23Y44.js?v=826d9d27:18877:28)
    at flushSyncCallbacks (http://localhost:5174/node_modules/.vite/deps/chunk-XPR23Y44.js?v=826d9d27:9117:30)
[   65393ms] ReferenceError: Logo is not defined
    at Header (http://localhost:5174/src/components/Header.jsx?t=1790007414723:81:38)
    at renderWithHooks (http://localhost:5174/node_modules/.vite/deps/chunk-XPR23Y44.js?v=826d9d27:11546:26)
    at mountIndeterminateComponent (http://localhost:5174/node_modules/.vite/deps/chunk-XPR23Y44.js?v=826d9d27:14924:21)
    at beginWork (http://localhost:5174/node_modules/.vite/deps/chunk-XPR23Y44.js?v=826d9d27:15912:22)
    at HTMLUnknownElement.callCallback2 (http://localhost:5174/node_modules/.vite/deps/chunk-XPR23Y44.js?v=826d9d27:3672:22)
    at Object.invokeGuardedCallbackDev (http://localhost:5174/node_modules/.vite/deps/chunk-XPR23Y44.js?v=826d9d27:3697:24)
    at invokeGuardedCallback (http://localhost:5174/node_modules/.vite/deps/chunk-XPR23Y44.js?v=826d9d27:3731:39)
    at beginWork$1 (http://localhost:5174/node_modules/.vite/deps/chunk-XPR23Y44.js?v=826d9d27:19763:15)
    at performUnitOfWork (http://localhost:5174/node_modules/.vite/deps/chunk-XPR23Y44.js?v=826d9d27:19196:20)
    at workLoopSync (http://localhost:5174/node_modules/.vite/deps/chunk-XPR23Y44.js?v=826d9d27:19135:13)
[   65396ms] ReferenceError: Logo is not defined
    at Header (http://localhost:5174/src/components/Header.jsx?t=1790007414723:81:38)
    at renderWithHooks (http://localhost:5174/node_modules/.vite/deps/chunk-XPR23Y44.js?v=826d9d27:11546:26)
    at mountIndeterminateComponent (http://localhost:5174/node_modules/.vite/deps/chunk-XPR23Y44.js?v=826d9d27:14924:21)
    at beginWork (http://localhost:5174/node_modules/.vite/deps/chunk-XPR23Y44.js?v=826d9d27:15912:22)
    at HTMLUnknownElement.callCallback2 (http://localhost:5174/node_modules/.vite/deps/chunk-XPR23Y44.js?v=826d9d27:3672:22)
    at Object.invokeGuardedCallbackDev (http://localhost:5174/node_modules/.vite/deps/chunk-XPR23Y44.js?v=826d9d27:3697:24)
    at invokeGuardedCallback (http://localhost:5174/node_modules/.vite/deps/chunk-XPR23Y44.js?v=826d9d27:3731:39)
    at beginWork$1 (http://localhost:5174/node_modules/.vite/deps/chunk-XPR23Y44.js?v=826d9d27:19763:15)
    at performUnitOfWork (http://localhost:5174/node_modules/.vite/deps/chunk-XPR23Y44.js?v=826d9d27:19196:20)
    at workLoopSync (http://localhost:5174/node_modules/.vite/deps/chunk-XPR23Y44.js?v=826d9d27:19135:13)
[   65397ms] [ERROR] The above error occurred in the <Header> component:

    at Header (http://localhost:5174/src/components/Header.jsx?t=1790007414723:29:26)
    at div
    at App (http://localhost:5174/src/App.jsx?t=1790007339607:28:24)
    at CartProvider (http://localhost:5174/src/context/CartContext.jsx:32:32)
    at Router (http://localhost:5174/node_modules/.vite/deps/react-router-dom.js?v=26bb47dd:4523:15)
    at BrowserRouter (http://localhost:5174/node_modules/.vite/deps/react-router-dom.js?v=26bb47dd:5261:5)

Consider adding an error boundary to your tree to customize error handling behavior.
Visit https://reactjs.org/link/error-boundaries to learn more about error boundaries. @ http://localhost:5174/node_modules/.vite/deps/chunk-XPR23Y44.js?v=826d9d27:14029
[   65399ms] ReferenceError: Logo is not defined
    at Header (http://localhost:5174/src/components/Header.jsx?t=1790007414723:81:38)
    at renderWithHooks (http://localhost:5174/node_modules/.vite/deps/chunk-XPR23Y44.js?v=826d9d27:11546:26)
    at mountIndeterminateComponent (http://localhost:5174/node_modules/.vite/deps/chunk-XPR23Y44.js?v=826d9d27:14924:21)
    at beginWork (http://localhost:5174/node_modules/.vite/deps/chunk-XPR23Y44.js?v=826d9d27:15912:22)
    at beginWork$1 (http://localhost:5174/node_modules/.vite/deps/chunk-XPR23Y44.js?v=826d9d27:19751:22)
    at performUnitOfWork (http://localhost:5174/node_modules/.vite/deps/chunk-XPR23Y44.js?v=826d9d27:19196:20)
    at workLoopSync (http://localhost:5174/node_modules/.vite/deps/chunk-XPR23Y44.js?v=826d9d27:19135:13)
    at renderRootSync (http://localhost:5174/node_modules/.vite/deps/chunk-XPR23Y44.js?v=826d9d27:19114:15)
    at recoverFromConcurrentError (http://localhost:5174/node_modules/.vite/deps/chunk-XPR23Y44.js?v=826d9d27:18734:28)
    at performSyncWorkOnRoot (http://localhost:5174/node_modules/.vite/deps/chunk-XPR23Y44.js?v=826d9d27:18877:28)
