[      48ms] [INFO] %cDownload the React DevTools for a better development experience: https://reactjs.org/link/react-devtools font-weight:bold @ http://localhost:5174/node_modules/.vite/deps/chunk-XPR23Y44.js?v=826d9d27:21548
[      72ms] [WARNING] ⚠️ React Router Future Flag Warning: React Router will begin wrapping state updates in `React.startTransition` in v7. You can use the `v7_startTransition` future flag to opt-in early. For more information, see https://reactrouter.com/v6/upgrading/future#v7_starttransition. @ http://localhost:5174/node_modules/.vite/deps/react-router-dom.js?v=26bb47dd:4414
[      72ms] [WARNING] ⚠️ React Router Future Flag Warning: Relative route resolution within Splat routes is changing in v7. You can use the `v7_relativeSplatPath` future flag to opt-in early. For more information, see https://reactrouter.com/v6/upgrading/future#v7_relativesplatpath. @ http://localhost:5174/node_modules/.vite/deps/react-router-dom.js?v=26bb47dd:4414
[  132645ms] ReferenceError: getCategories is not defined
    at http://localhost:5174/src/pages/Shop.jsx?t=1790006746640:36:5
    at commitHookEffectListMount (http://localhost:5174/node_modules/.vite/deps/chunk-XPR23Y44.js?v=826d9d27:16913:34)
    at commitPassiveMountOnFiber (http://localhost:5174/node_modules/.vite/deps/chunk-XPR23Y44.js?v=826d9d27:18154:19)
    at commitPassiveMountEffects_complete (http://localhost:5174/node_modules/.vite/deps/chunk-XPR23Y44.js?v=826d9d27:18127:17)
    at commitPassiveMountEffects_begin (http://localhost:5174/node_modules/.vite/deps/chunk-XPR23Y44.js?v=826d9d27:18117:15)
    at commitPassiveMountEffects (http://localhost:5174/node_modules/.vite/deps/chunk-XPR23Y44.js?v=826d9d27:18107:11)
    at flushPassiveEffectsImpl (http://localhost:5174/node_modules/.vite/deps/chunk-XPR23Y44.js?v=826d9d27:19488:11)
    at flushPassiveEffects (http://localhost:5174/node_modules/.vite/deps/chunk-XPR23Y44.js?v=826d9d27:19445:22)
    at commitRootImpl (http://localhost:5174/node_modules/.vite/deps/chunk-XPR23Y44.js?v=826d9d27:19414:13)
    at commitRoot (http://localhost:5174/node_modules/.vite/deps/chunk-XPR23Y44.js?v=826d9d27:19275:13)
[  132647ms] [ERROR] The above error occurred in the <Shop> component:

    at Shop (http://localhost:5174/src/pages/Shop.jsx?t=1790006746640:28:43)
    at RenderedRoute (http://localhost:5174/node_modules/.vite/deps/react-router-dom.js?v=26bb47dd:4110:5)
    at Routes (http://localhost:5174/node_modules/.vite/deps/react-router-dom.js?v=26bb47dd:4580:5)
    at main
    at div
    at App (http://localhost:5174/src/App.jsx?t=1790006551976:28:24)
    at CartProvider (http://localhost:5174/src/context/CartContext.jsx:32:32)
    at Router (http://localhost:5174/node_modules/.vite/deps/react-router-dom.js?v=26bb47dd:4523:15)
    at BrowserRouter (http://localhost:5174/node_modules/.vite/deps/react-router-dom.js?v=26bb47dd:5261:5)

Consider adding an error boundary to your tree to customize error handling behavior.
Visit https://reactjs.org/link/error-boundaries to learn more about error boundaries. @ http://localhost:5174/node_modules/.vite/deps/chunk-XPR23Y44.js?v=826d9d27:14029
[  132648ms] ReferenceError: getCategories is not defined
    at http://localhost:5174/src/pages/Shop.jsx?t=1790006746640:36:5
    at commitHookEffectListMount (http://localhost:5174/node_modules/.vite/deps/chunk-XPR23Y44.js?v=826d9d27:16913:34)
    at commitPassiveMountOnFiber (http://localhost:5174/node_modules/.vite/deps/chunk-XPR23Y44.js?v=826d9d27:18154:19)
    at commitPassiveMountEffects_complete (http://localhost:5174/node_modules/.vite/deps/chunk-XPR23Y44.js?v=826d9d27:18127:17)
    at commitPassiveMountEffects_begin (http://localhost:5174/node_modules/.vite/deps/chunk-XPR23Y44.js?v=826d9d27:18117:15)
    at commitPassiveMountEffects (http://localhost:5174/node_modules/.vite/deps/chunk-XPR23Y44.js?v=826d9d27:18107:11)
    at flushPassiveEffectsImpl (http://localhost:5174/node_modules/.vite/deps/chunk-XPR23Y44.js?v=826d9d27:19488:11)
    at flushPassiveEffects (http://localhost:5174/node_modules/.vite/deps/chunk-XPR23Y44.js?v=826d9d27:19445:22)
    at commitRootImpl (http://localhost:5174/node_modules/.vite/deps/chunk-XPR23Y44.js?v=826d9d27:19414:13)
    at commitRoot (http://localhost:5174/node_modules/.vite/deps/chunk-XPR23Y44.js?v=826d9d27:19275:13)
